2026-08-24T11:22:38Z INF Thank you for trying Cloudflare Tunnel. Doing so, without a Cloudflare account, is a quick way to experiment and try it out. However, be aware that these account-less Tunnels have no uptime guarantee, are subject to the Cloudflare Online Services Terms of Use (https://www.cloudflare.com/website-terms/), and Cloudflare reserves the right to investigate your use of Tunnels for violations of such terms. If you intend to use Tunnels in production you should use a pre-created named tunnel by following: https://developers.cloudflare.com/cloudflare-one/connections/connect-apps
2026-08-24T11:22:38Z INF Requesting new quick Tunnel on trycloudflare.com...
2026-08-24T11:22:45Z INF +--------------------------------------------------------------------------------------------+
2026-08-24T11:22:45Z INF |  Your quick Tunnel has been created! Visit it at (it may take some time to be reachable):  |
2026-08-24T11:22:45Z INF |  https://ratings-laughing-tablet-maintenance.trycloudflare.com                             |
2026-08-24T11:22:45Z INF +--------------------------------------------------------------------------------------------+
2026-08-24T11:22:45Z INF Cannot determine default configuration path. No file [config.yml config.yaml] in [~/.cloudflared ~/.cloudflare-warp ~/cloudflare-warp]
2026-08-24T11:22:45Z INF Version 2026.8.2 (Checksum c29eee2b121f5436a642eed69fd9767da7e7b8c510fa50aaa130337f931357b5)
2026-08-24T11:22:45Z INF GOOS: windows, GOVersion: go1.26.4, GoArch: amd64
2026-08-24T11:22:45Z INF Settings: map[ha-connections:1 protocol:quic url:http://localhost:8081]
2026-08-24T11:22:45Z INF cloudflared will not automatically update on Windows systems.
2026-08-24T11:22:45Z INF Generated Connector ID: 90868858-11b5-4ef9-a3be-eccb76a78e6e
2026-08-24T11:22:45Z INF Initial protocol quic
2026-08-24T11:22:45Z INF ICMP proxy will use 192.168.0.9 as source for IPv4
2026-08-24T11:22:45Z INF ICMP proxy will use fe80::25fc:8cdd:185c:73b5 in zone Ethernet as source for IPv6
2026-08-24T11:22:45Z INF cloudflared does not support loading the system root certificate pool on Windows. Please use --origin-ca-pool <PATH> to specify the path to the certificate pool
2026-08-24T11:22:45Z INF ICMP proxy will use 192.168.0.9 as source for IPv4
2026-08-24T11:22:45Z INF Tunnel connection curve preferences: [X25519MLKEM768 CurveID(65074) CurveP256] connIndex=0 event=0 ip=198.41.192.7
2026-08-24T11:22:45Z INF ICMP proxy will use fe80::25fc:8cdd:185c:73b5 in zone Ethernet as source for IPv6
2026-08-24T11:22:45Z INF Starting metrics server on 127.0.0.1:20242/metrics
2026-08-24T11:22:45Z INF +-------------------------------------------------------------------------------------+
2026-08-24T11:22:45Z INF |                               CONNECTIVITY PRE-CHECKS                               |
2026-08-24T11:22:45Z INF +-------------------------------------------------------------------------------------+
2026-08-24T11:22:45Z INF |  COMPONENT         TARGET                     STATUS  DETAILS                       |
2026-08-24T11:22:45Z INF |  DNS Resolution    region1.v2.argotunnel.com  PASS    DNS Resolved successfully     |
2026-08-24T11:22:45Z INF |  DNS Resolution    region2.v2.argotunnel.com  PASS    DNS Resolved successfully     |
2026-08-24T11:22:45Z INF |  UDP Connectivity  region1.v2.argotunnel.com  PASS    QUIC connection successful    |
2026-08-24T11:22:45Z INF |  UDP Connectivity  region2.v2.argotunnel.com  PASS    QUIC connection successful    |
2026-08-24T11:22:45Z INF |  TCP Connectivity  region1.v2.argotunnel.com  PASS    HTTP/2 connection successful  |
2026-08-24T11:22:45Z INF |  TCP Connectivity  region2.v2.argotunnel.com  PASS    HTTP/2 connection successful  |
2026-08-24T11:22:45Z INF |  Cloudflare API    api.cloudflare.com:443     PASS    API is reachable              |
2026-08-24T11:22:45Z INF |                                                                                     |
2026-08-24T11:22:45Z INF |  SUMMARY: Environment is healthy. cloudflared will use 'quic' as primary protocol.  |
2026-08-24T11:22:45Z INF +-------------------------------------------------------------------------------------+
2026-08-24T11:22:45Z INF precheck component="DNS Resolution" details="DNS Resolved successfully" run_id=fde46b34-e622-4dbb-bc37-4c07e2900b36 status=pass target=region1.v2.argotunnel.com
2026-08-24T11:22:45Z INF precheck component="DNS Resolution" details="DNS Resolved successfully" run_id=fde46b34-e622-4dbb-bc37-4c07e2900b36 status=pass target=region2.v2.argotunnel.com
2026-08-24T11:22:45Z INF precheck component="UDP Connectivity" details="QUIC connection successful" run_id=fde46b34-e622-4dbb-bc37-4c07e2900b36 status=pass target=region1.v2.argotunnel.com
2026-08-24T11:22:45Z INF precheck component="UDP Connectivity" details="QUIC connection successful" run_id=fde46b34-e622-4dbb-bc37-4c07e2900b36 status=pass target=region2.v2.argotunnel.com
2026-08-24T11:22:45Z INF precheck component="TCP Connectivity" details="HTTP/2 connection successful" run_id=fde46b34-e622-4dbb-bc37-4c07e2900b36 status=pass target=region1.v2.argotunnel.com
2026-08-24T11:22:45Z INF precheck component="TCP Connectivity" details="HTTP/2 connection successful" run_id=fde46b34-e622-4dbb-bc37-4c07e2900b36 status=pass target=region2.v2.argotunnel.com
2026-08-24T11:22:45Z INF precheck component="Cloudflare API" details="API is reachable" run_id=fde46b34-e622-4dbb-bc37-4c07e2900b36 status=pass target=api.cloudflare.com:443
2026-08-24T11:22:45Z INF precheck complete hard_fail=false run_id=fde46b34-e622-4dbb-bc37-4c07e2900b36 suggested_protocol=quic
2026-08-24T11:22:46Z INF Registered tunnel connection connIndex=0 connection=8ba30c60-cfc2-4263-a83a-8f23548ddc04 event=0 ip=198.41.192.7 location=beg01 protocol=quic
2026-08-24T11:24:48Z ERR  error="Incoming request ended abruptly: context canceled" connIndex=0 event=1 ingressRule=0 originService=http://localhost:8081
2026-08-24T11:24:48Z ERR Request failed error="Incoming request ended abruptly: context canceled" connIndex=0 dest=https://ratings-laughing-tablet-maintenance.trycloudflare.com/ event=0 ip=198.41.192.7 type=http
2026-08-24T22:22:44Z INF Initiating graceful shutdown due to signal terminated ...
2026-08-24T22:22:44Z ERR failed to run the datagram handler error="context canceled" connIndex=0 event=0 ip=198.41.192.7
2026-08-24T22:22:44Z ERR failed to serve tunnel connection error="accept stream listener encountered a failure while serving" connIndex=0 event=0 ip=198.41.192.7
2026-08-24T22:22:44Z ERR Serve tunnel error error="accept stream listener encountered a failure while serving" connIndex=0 event=0 ip=198.41.192.7
2026-08-24T22:22:44Z INF Retrying connection in up to 1s connIndex=0 event=0 ip=198.41.192.7
2026-08-24T22:22:44Z ERR Connection terminated connIndex=0
2026-08-24T22:22:44Z ERR no more connections active and exiting
2026-08-24T22:22:44Z INF Tunnel server stopped
2026-08-24T22:22:44Z INF Metrics server stopped
